c:\users\ookam\code\survival\postal-code\build\postal common\debug\postal common.bsc
c:\users\ookam\code\survival\postal-code\build\postal common\debug\postal common.pch
c:\users\ookam\code\survival\postal-code\build\postal common\debug\alphablitforpostal.sbr
c:\users\ookam\code\survival\postal-code\build\postal common\debug\alphablitforpostal.obj
c:\users\ookam\code\survival\postal-code\build\postal common\debug\animthing.sbr
c:\users\ookam\code\survival\postal-code\build\postal common\debug\ball.sbr
c:\users\ookam\code\survival\postal-code\build\postal common\debug\barrel.sbr
c:\users\ookam\code\survival\postal-code\build\postal common\debug\bouy.sbr
c:\users\ookam\code\survival\postal-code\build\postal common\debug\character.sbr
c:\users\ookam\code\survival\postal-code\build\postal common\debug\chunk.sbr
c:\users\ookam\code\survival\postal-code\build\postal common\debug\deathwad.sbr
c:\users\ookam\code\survival\postal-code\build\postal common\debug\demon.sbr
c:\users\ookam\code\survival\postal-code\build\postal common\debug\dispenser.sbr
c:\users\ookam\code\survival\postal-code\build\postal common\debug\doofus.sbr
c:\users\ookam\code\survival\postal-code\build\postal common\debug\dude.sbr
c:\users\ookam\code\survival\postal-code\build\postal common\debug\explode.sbr
c:\users\ookam\code\survival\postal-code\build\postal common\debug\fire.sbr
c:\users\ookam\code\survival\postal-code\build\postal common\debug\fireball.sbr
c:\users\ookam\code\survival\postal-code\build\postal common\debug\firebomb.sbr
c:\users\ookam\code\survival\postal-code\build\postal common\debug\flag.sbr
c:\users\ookam\code\survival\postal-code\build\postal common\debug\flagbase.sbr
c:\users\ookam\code\survival\postal-code\build\postal common\debug\grenade.sbr
c:\users\ookam\code\survival\postal-code\build\postal common\debug\heatseeker.sbr
c:\users\ookam\code\survival\postal-code\build\postal common\debug\hood.sbr
c:\users\ookam\code\survival\postal-code\build\postal common\debug\hood.obj
c:\users\ookam\code\survival\postal-code\build\postal common\debug\heatseeker.obj
c:\users\ookam\code\survival\postal-code\build\postal common\debug\grenade.obj
c:\users\ookam\code\survival\postal-code\build\postal common\debug\flagbase.obj
c:\users\ookam\code\survival\postal-code\build\postal common\debug\flag.obj
c:\users\ookam\code\survival\postal-code\build\postal common\debug\firebomb.obj
c:\users\ookam\code\survival\postal-code\build\postal common\debug\fireball.obj
c:\users\ookam\code\survival\postal-code\build\postal common\debug\fire.obj
c:\users\ookam\code\survival\postal-code\build\postal common\debug\explode.obj
c:\users\ookam\code\survival\postal-code\build\postal common\debug\dude.obj
c:\users\ookam\code\survival\postal-code\build\postal common\debug\doofus.obj
c:\users\ookam\code\survival\postal-code\build\postal common\debug\dispenser.obj
c:\users\ookam\code\survival\postal-code\build\postal common\debug\demon.obj
c:\users\ookam\code\survival\postal-code\build\postal common\debug\deathwad.obj
c:\users\ookam\code\survival\postal-code\build\postal common\debug\chunk.obj
c:\users\ookam\code\survival\postal-code\build\postal common\debug\character.obj
c:\users\ookam\code\survival\postal-code\build\postal common\debug\bouy.obj
c:\users\ookam\code\survival\postal-code\build\postal common\debug\barrel.obj
c:\users\ookam\code\survival\postal-code\build\postal common\debug\ball.obj
c:\users\ookam\code\survival\postal-code\build\postal common\debug\animthing.obj
c:\users\ookam\code\survival\postal-code\build\postal common\debug\item3d.sbr
c:\users\ookam\code\survival\postal-code\build\postal common\debug\mine.sbr
c:\users\ookam\code\survival\postal-code\build\postal common\debug\napalm.sbr
c:\users\ookam\code\survival\postal-code\build\postal common\debug\navnet.sbr
c:\users\ookam\code\survival\postal-code\build\postal common\debug\ostrich.sbr
c:\users\ookam\code\survival\postal-code\build\postal common\debug\person.sbr
c:\users\ookam\code\survival\postal-code\build\postal common\debug\powerup.sbr
c:\users\ookam\code\survival\postal-code\build\postal common\debug\pylon.sbr
c:\users\ookam\code\survival\postal-code\build\postal common\debug\rocket.sbr
c:\users\ookam\code\survival\postal-code\build\postal common\debug\sentry.sbr
c:\users\ookam\code\survival\postal-code\build\postal common\debug\sndrelay.sbr
c:\users\ookam\code\survival\postal-code\build\postal common\debug\soundthing.sbr
c:\users\ookam\code\survival\postal-code\build\postal common\debug\thing.sbr
c:\users\ookam\code\survival\postal-code\build\postal common\debug\thing3d.sbr
c:\users\ookam\code\survival\postal-code\build\postal common\debug\trigger.sbr
c:\users\ookam\code\survival\postal-code\build\postal common\debug\warp.sbr
c:\users\ookam\code\survival\postal-code\build\postal common\debug\weapon.sbr
c:\users\ookam\code\survival\postal-code\build\postal common\debug\anim3d.sbr
c:\users\ookam\code\survival\postal-code\build\postal common\debug\bufq.sbr
c:\users\ookam\code\survival\postal-code\build\postal common\debug\bulletfest.sbr
c:\users\ookam\code\survival\postal-code\build\postal common\debug\bulletfest.obj
c:\users\ookam\code\survival\postal-code\build\postal common\debug\bufq.obj
c:\users\ookam\code\survival\postal-code\build\postal common\debug\anim3d.obj
c:\users\ookam\code\survival\postal-code\build\postal common\debug\weapon.obj
c:\users\ookam\code\survival\postal-code\build\postal common\debug\warp.obj
c:\users\ookam\code\survival\postal-code\build\postal common\debug\trigger.obj
c:\users\ookam\code\survival\postal-code\build\postal common\debug\thing3d.obj
c:\users\ookam\code\survival\postal-code\build\postal common\debug\thing.obj
c:\users\ookam\code\survival\postal-code\build\postal common\debug\soundthing.obj
c:\users\ookam\code\survival\postal-code\build\postal common\debug\sndrelay.obj
c:\users\ookam\code\survival\postal-code\build\postal common\debug\sentry.obj
c:\users\ookam\code\survival\postal-code\build\postal common\debug\rocket.obj
c:\users\ookam\code\survival\postal-code\build\postal common\debug\pylon.obj
c:\users\ookam\code\survival\postal-code\build\postal common\debug\powerup.obj
c:\users\ookam\code\survival\postal-code\build\postal common\debug\person.obj
c:\users\ookam\code\survival\postal-code\build\postal common\debug\ostrich.obj
c:\users\ookam\code\survival\postal-code\build\postal common\debug\navnet.obj
c:\users\ookam\code\survival\postal-code\build\postal common\debug\napalm.obj
c:\users\ookam\code\survival\postal-code\build\postal common\debug\mine.obj
c:\users\ookam\code\survival\postal-code\build\postal common\debug\item3d.obj
c:\users\ookam\code\survival\postal-code\build\postal common\debug\camera.sbr
c:\users\ookam\code\survival\postal-code\build\postal common\debug\crawler.sbr
c:\users\ookam\code\survival\postal-code\build\postal common\debug\cutscene.sbr
c:\users\ookam\code\survival\postal-code\build\postal common\debug\encrypt.sbr
c:\users\ookam\code\survival\postal-code\build\postal common\debug\gamesettings.sbr
c:\users\ookam\code\survival\postal-code\build\postal common\debug\grip.sbr
c:\users\ookam\code\survival\postal-code\build\postal common\debug\idbank.sbr
c:\users\ookam\code\survival\postal-code\build\postal common\debug\inputsettings.sbr
c:\users\ookam\code\survival\postal-code\build\postal common\debug\inputsettingsdlg.sbr
c:\users\ookam\code\survival\postal-code\build\postal common\debug\keys.sbr
c:\users\ookam\code\survival\postal-code\build\postal common\debug\log.sbr
c:\users\ookam\code\survival\postal-code\build\postal common\debug\logtab.sbr
c:\users\ookam\code\survival\postal-code\build\postal common\debug\memfilefest.sbr
c:\users\ookam\code\survival\postal-code\build\postal common\debug\menusettings.sbr
c:\users\ookam\code\survival\postal-code\build\postal common\debug\net.sbr
c:\users\ookam\code\survival\postal-code\build\postal common\debug\netbrowse.sbr
c:\users\ookam\code\survival\postal-code\build\postal common\debug\netclient.sbr
c:\users\ookam\code\survival\postal-code\build\postal common\debug\netdlg.sbr
c:\users\ookam\code\survival\postal-code\build\postal common\debug\netmsgr.sbr
c:\users\ookam\code\survival\postal-code\build\postal common\debug\netserver.sbr
c:\users\ookam\code\survival\postal-code\build\postal common\debug\netserver.obj
c:\users\ookam\code\survival\postal-code\build\postal common\debug\netmsgr.obj
c:\users\ookam\code\survival\postal-code\build\postal common\debug\netdlg.obj
c:\users\ookam\code\survival\postal-code\build\postal common\debug\netclient.obj
c:\users\ookam\code\survival\postal-code\build\postal common\debug\netbrowse.obj
c:\users\ookam\code\survival\postal-code\build\postal common\debug\net.obj
c:\users\ookam\code\survival\postal-code\build\postal common\debug\menusettings.obj
c:\users\ookam\code\survival\postal-code\build\postal common\debug\memfilefest.obj
c:\users\ookam\code\survival\postal-code\build\postal common\debug\logtab.obj
c:\users\ookam\code\survival\postal-code\build\postal common\debug\log.obj
c:\users\ookam\code\survival\postal-code\build\postal common\debug\keys.obj
c:\users\ookam\code\survival\postal-code\build\postal common\debug\inputsettingsdlg.obj
c:\users\ookam\code\survival\postal-code\build\postal common\debug\inputsettings.obj
c:\users\ookam\code\survival\postal-code\build\postal common\debug\idbank.obj
c:\users\ookam\code\survival\postal-code\build\postal common\debug\grip.obj
c:\users\ookam\code\survival\postal-code\build\postal common\debug\gamesettings.obj
c:\users\ookam\code\survival\postal-code\build\postal common\debug\encrypt.obj
c:\users\ookam\code\survival\postal-code\build\postal common\debug\cutscene.obj
c:\users\ookam\code\survival\postal-code\build\postal common\debug\crawler.obj
c:\users\ookam\code\survival\postal-code\build\postal common\debug\camera.obj
c:\users\ookam\code\survival\postal-code\build\postal common\debug\organ.sbr
c:\users\ookam\code\survival\postal-code\build\postal common\debug\personatorium.sbr
c:\users\ookam\code\survival\postal-code\build\postal common\debug\protobsdip.sbr
c:\users\ookam\code\survival\postal-code\build\postal common\debug\realm.sbr
c:\users\ookam\code\survival\postal-code\build\postal common\debug\scene.sbr
c:\users\ookam\code\survival\postal-code\build\postal common\debug\score.sbr
c:\users\ookam\code\survival\postal-code\build\postal common\debug\smash.sbr
c:\users\ookam\code\survival\postal-code\build\postal common\debug\socket.sbr
c:\users\ookam\code\survival\postal-code\build\postal common\debug\stockpile.sbr
c:\users\ookam\code\survival\postal-code\build\postal common\debug\texedit.sbr
c:\users\ookam\code\survival\postal-code\build\postal common\debug\toolbar.sbr
c:\users\ookam\code\survival\postal-code\build\postal common\debug\triggerregions.sbr
c:\users\ookam\code\survival\postal-code\build\postal common\debug\update.sbr
c:\users\ookam\code\survival\postal-code\build\postal common\debug\update.obj
c:\users\ookam\code\survival\postal-code\build\postal common\debug\triggerregions.obj
c:\users\ookam\code\survival\postal-code\build\postal common\debug\toolbar.obj
c:\users\ookam\code\survival\postal-code\build\postal common\debug\texedit.obj
c:\users\ookam\code\survival\postal-code\build\postal common\debug\stockpile.obj
c:\users\ookam\code\survival\postal-code\build\postal common\debug\socket.obj
c:\users\ookam\code\survival\postal-code\build\postal common\debug\smash.obj
c:\users\ookam\code\survival\postal-code\build\postal common\debug\score.obj
c:\users\ookam\code\survival\postal-code\build\postal common\debug\scene.obj
c:\users\ookam\code\survival\postal-code\build\postal common\debug\realm.obj
c:\users\ookam\code\survival\postal-code\build\postal common\debug\protobsdip.obj
c:\users\ookam\code\survival\postal-code\build\postal common\debug\personatorium.obj
c:\users\ookam\code\survival\postal-code\build\postal common\debug\organ.obj
c:\users\ookam\code\survival\postal-code\build\postal common\debug\gameedit.sbr
c:\users\ookam\code\survival\postal-code\build\postal common\debug\menutrans.sbr
c:\users\ookam\code\survival\postal-code\build\postal common\debug\settings.sbr
c:\users\ookam\code\survival\postal-code\build\postal common\debug\yatime.sbr
c:\users\ookam\code\survival\postal-code\build\postal common\debug\yatime.obj
c:\users\ookam\code\survival\postal-code\build\postal common\debug\settings.obj
c:\users\ookam\code\survival\postal-code\build\postal common\debug\menutrans.obj
c:\users\ookam\code\survival\postal-code\build\postal common\debug\gameedit.obj
c:\users\ookam\code\survival\postal-code\build\postal common\debug\postal common.lib
c:\users\ookam\code\survival\postal-code\build\postal common\debug\postal.res
c:\users\ookam\code\survival\postal-code\build\postal common\debug\postal common.tlog\bscmake.command.1.tlog
c:\users\ookam\code\survival\postal-code\build\postal common\debug\postal common.tlog\bscmake.read.1.tlog
c:\users\ookam\code\survival\postal-code\build\postal common\debug\postal common.tlog\bscmake.write.1.tlog
c:\users\ookam\code\survival\postal-code\build\postal common\debug\postal common.tlog\cl.command.1.tlog
c:\users\ookam\code\survival\postal-code\build\postal common\debug\postal common.tlog\cl.items.tlog
c:\users\ookam\code\survival\postal-code\build\postal common\debug\postal common.tlog\cl.read.1.tlog
c:\users\ookam\code\survival\postal-code\build\postal common\debug\postal common.tlog\cl.write.1.tlog
c:\users\ookam\code\survival\postal-code\build\postal common\debug\postal common.tlog\lib-link-cvtres.write.1.tlog
c:\users\ookam\code\survival\postal-code\build\postal common\debug\postal common.tlog\lib.command.1.tlog
c:\users\ookam\code\survival\postal-code\build\postal common\debug\postal common.tlog\lib.read.1.tlog
c:\users\ookam\code\survival\postal-code\build\postal common\debug\postal common.tlog\rc.command.1.tlog
c:\users\ookam\code\survival\postal-code\build\postal common\debug\postal common.tlog\rc.read.1.tlog
c:\users\ookam\code\survival\postal-code\build\postal common\debug\postal common.tlog\rc.write.1.tlog
