  menu.cpp
C:\Users\ookam\Code\survival\postal-code\RSPiX\Src\Blue\unix\UnixSystem.h(247,5): warning C4996: '_snprintf': This function or variable may be unsafe. Consider using _snprintf_s instead. To disable deprecation, use _CRT_SECURE_NO_WARNINGS. See online help for details.
  (compiling source file 'WishPiX/Menu/menu.cpp')
  
C:\Users\ookam\Code\survival\postal-code\RSPiX\Src\Blue\unix\UnixSystem.h(253,5): warning C4996: '_snprintf': This function or variable may be unsafe. Consider using _snprintf_s instead. To disable deprecation, use _CRT_SECURE_NO_WARNINGS. See online help for details.
  (compiling source file 'WishPiX/Menu/menu.cpp')
  
C:\Users\ookam\Code\survival\postal-code\RSPiX\Src\Blue\unix\UnixSystem.h(259,5): warning C4996: '_snprintf': This function or variable may be unsafe. Consider using _snprintf_s instead. To disable deprecation, use _CRT_SECURE_NO_WARNINGS. See online help for details.
  (compiling source file 'WishPiX/Menu/menu.cpp')
  
C:\Users\ookam\Code\survival\postal-code\RSPiX\Src\ORANGE\QuickMath\QuickMath.h(192,12): warning C4244: '=': conversion from 'S64' to 'S32', possible loss of data
  (compiling source file 'WishPiX/Menu/menu.cpp')
  
C:\Users\ookam\Code\survival\postal-code\RSPiX\Src\ORANGE\QuickMath\QuickMath.h(193,12): warning C4244: '=': conversion from 'S64' to 'S32', possible loss of data
  (compiling source file 'WishPiX/Menu/menu.cpp')
  
C:\Users\ookam\Code\survival\postal-code\RSPiX\Src\ORANGE\QuickMath\VectorMath.h(86,2): warning C5208: unnamed class used in typedef name cannot declare members other than non-static data members, member enumerations, or member classes
  (compiling source file 'WishPiX/Menu/menu.cpp')
  
C:\Users\ookam\Code\survival\postal-code\RSPiX\Src\ORANGE\QuickMath\VectorMath.h(136,9): warning C4244: 'initializing': conversion from 'double' to 'float', possible loss of data
  (compiling source file 'WishPiX/Menu/menu.cpp')
  
C:\Users\ookam\Code\survival\postal-code\RSPiX\Src\ORANGE\Meter\meter.h(192,4): warning C4996: 'strcpy': This function or variable may be unsafe. Consider using strcpy_s instead. To disable deprecation, use _CRT_SECURE_NO_WARNINGS. See online help for details.
  (compiling source file 'WishPiX/Menu/menu.cpp')
  
C:\Users\ookam\Code\survival\postal-code\RSPiX\Src\ORANGE\RString\rstring.h(408,16): warning C4996: 'sprintf': This function or variable may be unsafe. Consider using sprintf_s instead. To disable deprecation, use _CRT_SECURE_NO_WARNINGS. See online help for details.
  (compiling source file 'WishPiX/Menu/menu.cpp')
  
C:\Users\ookam\Code\survival\postal-code\RSPiX\Src\ORANGE\RString\rstring.h(416,16): warning C4996: 'sprintf': This function or variable may be unsafe. Consider using sprintf_s instead. To disable deprecation, use _CRT_SECURE_NO_WARNINGS. See online help for details.
  (compiling source file 'WishPiX/Menu/menu.cpp')
  
C:\Users\ookam\Code\survival\postal-code\RSPiX\Src\ORANGE\RString\rstring.h(424,16): warning C4996: 'sprintf': This function or variable may be unsafe. Consider using sprintf_s instead. To disable deprecation, use _CRT_SECURE_NO_WARNINGS. See online help for details.
  (compiling source file 'WishPiX/Menu/menu.cpp')
  
C:\Users\ookam\Code\survival\postal-code\RSPiX\Src\ORANGE\RString\rstring.h(432,16): warning C4996: 'sprintf': This function or variable may be unsafe. Consider using sprintf_s instead. To disable deprecation, use _CRT_SECURE_NO_WARNINGS. See online help for details.
  (compiling source file 'WishPiX/Menu/menu.cpp')
  
C:\Users\ookam\Code\survival\postal-code\RSPiX\Src\ORANGE\RString\rstring.h(499,17): warning C4996: 'sprintf': This function or variable may be unsafe. Consider using sprintf_s instead. To disable deprecation, use _CRT_SECURE_NO_WARNINGS. See online help for details.
  (compiling source file 'WishPiX/Menu/menu.cpp')
  
C:\Users\ookam\Code\survival\postal-code\RSPiX\Src\ORANGE\RString\rstring.h(507,17): warning C4996: 'sprintf': This function or variable may be unsafe. Consider using sprintf_s instead. To disable deprecation, use _CRT_SECURE_NO_WARNINGS. See online help for details.
  (compiling source file 'WishPiX/Menu/menu.cpp')
  
C:\Users\ookam\Code\survival\postal-code\RSPiX\Src\ORANGE\RString\rstring.h(515,17): warning C4996: 'sprintf': This function or variable may be unsafe. Consider using sprintf_s instead. To disable deprecation, use _CRT_SECURE_NO_WARNINGS. See online help for details.
  (compiling source file 'WishPiX/Menu/menu.cpp')
  
C:\Users\ookam\Code\survival\postal-code\RSPiX\Src\ORANGE\RString\rstring.h(523,17): warning C4996: 'sprintf': This function or variable may be unsafe. Consider using sprintf_s instead. To disable deprecation, use _CRT_SECURE_NO_WARNINGS. See online help for details.
  (compiling source file 'WishPiX/Menu/menu.cpp')
  
C:\Users\ookam\Code\survival\postal-code\settings.h(41,4): warning C4091: 'typedef ': ignored on left of 'CSettings::<unnamed-enum-MemFileSize>' when no variable is declared
  (compiling source file 'WishPiX/Menu/menu.cpp')
  
C:\Users\ookam\Code\survival\postal-code\WishPiX\Prefs\prefline.h(56,16): warning C4091: 'typedef ': ignored on left of 'RPrefsLine::ePrefsLineType' when no variable is declared
  (compiling source file 'WishPiX/Menu/menu.cpp')
  
C:\Users\ookam\Code\survival\postal-code\WishPiX\Prefs\prefs.h(47,16): warning C4091: 'typedef ': ignored on left of 'RPrefs::ePrefs' when no variable is declared
  (compiling source file 'WishPiX/Menu/menu.cpp')
  
C:\Users\ookam\Code\survival\postal-code\StockPile.h(94,4): warning C4091: 'typedef ': ignored on left of 'CStockPile::<unnamed-enum-Bullets>' when no variable is declared
  (compiling source file 'WishPiX/Menu/menu.cpp')
  
C:\Users\ookam\Code\survival\postal-code\sprites.h(110,4): warning C4091: 'typedef ': ignored on left of 'CSprite::<unnamed-enum-InAlpha>' when no variable is declared
  (compiling source file 'WishPiX/Menu/menu.cpp')
  
C:\Users\ookam\Code\survival\postal-code\sprites.h(126,4): warning C4091: 'typedef ': ignored on left of 'CSprite::<unnamed-enum-OutRendered>' when no variable is declared
  (compiling source file 'WishPiX/Menu/menu.cpp')
  
C:\Users\ookam\Code\survival\postal-code\sprites.h(132,4): warning C4091: 'typedef ': ignored on left of 'CSprite::<unnamed-enum-PrivInserted>' when no variable is declared
  (compiling source file 'WishPiX/Menu/menu.cpp')
  
C:\Users\ookam\Code\survival\postal-code\thing.h(385,4): warning C4091: 'typedef ': ignored on left of 'CThing::<unnamed-enum-CHoodID>' when no variable is declared
  (compiling source file 'WishPiX/Menu/menu.cpp')
  
C:\Users\ookam\Code\survival\postal-code\realm.h(504,4): warning C4091: 'typedef ': ignored on left of 'CRealm::<unnamed-enum-Standard>' when no variable is declared
  (compiling source file 'WishPiX/Menu/menu.cpp')
  
C:\Users\ookam\Code\survival\postal-code\weapon.h(95,2): warning C4091: 'typedef ': ignored on left of 'CWeapon::<unnamed-enum-State_Idle>' when no variable is declared
  (compiling source file 'WishPiX/Menu/menu.cpp')
  
C:\Users\ookam\Code\survival\postal-code\character.h(460,32): warning C4244: 'argument': conversion from 'double' to 'int16_t', possible loss of data
  (compiling source file 'WishPiX/Menu/menu.cpp')
  
C:\Users\ookam\Code\survival\postal-code\character.h(460,19): warning C4244: 'argument': conversion from 'double' to 'int16_t', possible loss of data
  (compiling source file 'WishPiX/Menu/menu.cpp')
  
  prefline.cpp
C:\Users\ookam\Code\survival\postal-code\RSPiX\Src\Blue\unix\UnixSystem.h(247,5): warning C4996: '_snprintf': This function or variable may be unsafe. Consider using _snprintf_s instead. To disable deprecation, use _CRT_SECURE_NO_WARNINGS. See online help for details.
  (compiling source file 'WishPiX/Prefs/prefline.cpp')
  
C:\Users\ookam\Code\survival\postal-code\RSPiX\Src\Blue\unix\UnixSystem.h(253,5): warning C4996: '_snprintf': This function or variable may be unsafe. Consider using _snprintf_s instead. To disable deprecation, use _CRT_SECURE_NO_WARNINGS. See online help for details.
  (compiling source file 'WishPiX/Prefs/prefline.cpp')
  
C:\Users\ookam\Code\survival\postal-code\RSPiX\Src\Blue\unix\UnixSystem.h(259,5): warning C4996: '_snprintf': This function or variable may be unsafe. Consider using _snprintf_s instead. To disable deprecation, use _CRT_SECURE_NO_WARNINGS. See online help for details.
  (compiling source file 'WishPiX/Prefs/prefline.cpp')
  
C:\Users\ookam\Code\survival\postal-code\WishPiX\Prefs\prefline.h(56,16): warning C4091: 'typedef ': ignored on left of 'RPrefsLine::ePrefsLineType' when no variable is declared
  (compiling source file 'WishPiX/Prefs/prefline.cpp')
  
C:\Users\ookam\Code\survival\postal-code\WishPiX\Prefs\prefline.cpp(104,5): warning C4996: 'strcpy': This function or variable may be unsafe. Consider using strcpy_s instead. To disable deprecation, use _CRT_SECURE_NO_WARNINGS. See online help for details.
C:\Users\ookam\Code\survival\postal-code\WishPiX\Prefs\prefline.cpp(120,2): warning C4996: 'strcpy': This function or variable may be unsafe. Consider using strcpy_s instead. To disable deprecation, use _CRT_SECURE_NO_WARNINGS. See online help for details.
C:\Users\ookam\Code\survival\postal-code\WishPiX\Prefs\prefline.cpp(188,3): warning C4996: 'strcpy': This function or variable may be unsafe. Consider using strcpy_s instead. To disable deprecation, use _CRT_SECURE_NO_WARNINGS. See online help for details.
C:\Users\ookam\Code\survival\postal-code\WishPiX\Prefs\prefline.cpp(313,4): warning C4996: 'sprintf': This function or variable may be unsafe. Consider using sprintf_s instead. To disable deprecation, use _CRT_SECURE_NO_WARNINGS. See online help for details.
C:\Users\ookam\Code\survival\postal-code\WishPiX\Prefs\prefline.cpp(315,4): warning C4996: 'strcpy': This function or variable may be unsafe. Consider using strcpy_s instead. To disable deprecation, use _CRT_SECURE_NO_WARNINGS. See online help for details.
  prefs.cpp
C:\Users\ookam\Code\survival\postal-code\RSPiX\Src\Blue\unix\UnixSystem.h(247,5): warning C4996: '_snprintf': This function or variable may be unsafe. Consider using _snprintf_s instead. To disable deprecation, use _CRT_SECURE_NO_WARNINGS. See online help for details.
  (compiling source file 'WishPiX/Prefs/prefs.cpp')
  
C:\Users\ookam\Code\survival\postal-code\RSPiX\Src\Blue\unix\UnixSystem.h(253,5): warning C4996: '_snprintf': This function or variable may be unsafe. Consider using _snprintf_s instead. To disable deprecation, use _CRT_SECURE_NO_WARNINGS. See online help for details.
  (compiling source file 'WishPiX/Prefs/prefs.cpp')
  
C:\Users\ookam\Code\survival\postal-code\RSPiX\Src\Blue\unix\UnixSystem.h(259,5): warning C4996: '_snprintf': This function or variable may be unsafe. Consider using _snprintf_s instead. To disable deprecation, use _CRT_SECURE_NO_WARNINGS. See online help for details.
  (compiling source file 'WishPiX/Prefs/prefs.cpp')
  
C:\Users\ookam\Code\survival\postal-code\WishPiX\Prefs\prefline.h(56,16): warning C4091: 'typedef ': ignored on left of 'RPrefsLine::ePrefsLineType' when no variable is declared
  (compiling source file 'WishPiX/Prefs/prefs.cpp')
  
C:\Users\ookam\Code\survival\postal-code\WishPiX\Prefs\prefs.h(47,16): warning C4091: 'typedef ': ignored on left of 'RPrefs::ePrefs' when no variable is declared
  (compiling source file 'WishPiX/Prefs/prefs.cpp')
  
C:\Users\ookam\Code\survival\postal-code\WishPiX\Prefs\prefs.cpp(204,12): warning C4996: 'fopen': This function or variable may be unsafe. Consider using fopen_s instead. To disable deprecation, use _CRT_SECURE_NO_WARNINGS. See online help for details.
C:\Users\ookam\Code\survival\postal-code\WishPiX\Prefs\prefs.cpp(211,3): warning C4996: 'strcpy': This function or variable may be unsafe. Consider using strcpy_s instead. To disable deprecation, use _CRT_SECURE_NO_WARNINGS. See online help for details.
C:\Users\ookam\Code\survival\postal-code\WishPiX\Prefs\prefs.cpp(217,3): warning C4996: 'strcpy': This function or variable may be unsafe. Consider using strcpy_s instead. To disable deprecation, use _CRT_SECURE_NO_WARNINGS. See online help for details.
C:\Users\ookam\Code\survival\postal-code\WishPiX\Prefs\prefs.cpp(224,32): warning C4996: 'strerror': This function or variable may be unsafe. Consider using strerror_s instead. To disable deprecation, use _CRT_SECURE_NO_WARNINGS. See online help for details.
C:\Users\ookam\Code\survival\postal-code\WishPiX\Prefs\prefs.cpp(287,19): warning C4267: 'initializing': conversion from 'size_t' to 'int16_t', possible loss of data
C:\Users\ookam\Code\survival\postal-code\WishPiX\Prefs\prefs.cpp(325,46): warning C4996: 'strerror': This function or variable may be unsafe. Consider using strerror_s instead. To disable deprecation, use _CRT_SECURE_NO_WARNINGS. See online help for details.
C:\Users\ookam\Code\survival\postal-code\WishPiX\Prefs\prefs.cpp(331,44): warning C4996: 'strerror': This function or variable may be unsafe. Consider using strerror_s instead. To disable deprecation, use _CRT_SECURE_NO_WARNINGS. See online help for details.
C:\Users\ookam\Code\survival\postal-code\WishPiX\Prefs\prefs.cpp(377,6): warning C4996: 'strcpy': This function or variable may be unsafe. Consider using strcpy_s instead. To disable deprecation, use _CRT_SECURE_NO_WARNINGS. See online help for details.
C:\Users\ookam\Code\survival\postal-code\WishPiX\Prefs\prefs.cpp(382,7): warning C4996: 'sprintf': This function or variable may be unsafe. Consider using sprintf_s instead. To disable deprecation, use _CRT_SECURE_NO_WARNINGS. See online help for details.
C:\Users\ookam\Code\survival\postal-code\WishPiX\Prefs\prefs.cpp(383,21): warning C4996: 'fopen': This function or variable may be unsafe. Consider using fopen_s instead. To disable deprecation, use _CRT_SECURE_NO_WARNINGS. See online help for details.
C:\Users\ookam\Code\survival\postal-code\WishPiX\Prefs\prefs.cpp(392,24): warning C4996: 'fopen': This function or variable may be unsafe. Consider using fopen_s instead. To disable deprecation, use _CRT_SECURE_NO_WARNINGS. See online help for details.
C:\Users\ookam\Code\survival\postal-code\WishPiX\Prefs\prefs.cpp(403,70): warning C4996: 'strerror': This function or variable may be unsafe. Consider using strerror_s instead. To disable deprecation, use _CRT_SECURE_NO_WARNINGS. See online help for details.
C:\Users\ookam\Code\survival\postal-code\WishPiX\Prefs\prefs.cpp(419,25): warning C4996: 'fopen': This function or variable may be unsafe. Consider using fopen_s instead. To disable deprecation, use _CRT_SECURE_NO_WARNINGS. See online help for details.
C:\Users\ookam\Code\survival\postal-code\WishPiX\Prefs\prefs.cpp(420,26): warning C4996: 'fopen': This function or variable may be unsafe. Consider using fopen_s instead. To disable deprecation, use _CRT_SECURE_NO_WARNINGS. See online help for details.
C:\Users\ookam\Code\survival\postal-code\WishPiX\Prefs\prefs.cpp(437,21): warning C4996: 'fopen': This function or variable may be unsafe. Consider using fopen_s instead. To disable deprecation, use _CRT_SECURE_NO_WARNINGS. See online help for details.
C:\Users\ookam\Code\survival\postal-code\WishPiX\Prefs\prefs.cpp(445,64): warning C4996: 'strerror': This function or variable may be unsafe. Consider using strerror_s instead. To disable deprecation, use _CRT_SECURE_NO_WARNINGS. See online help for details.
C:\Users\ookam\Code\survival\postal-code\WishPiX\Prefs\prefs.cpp(451,82): warning C4996: 'strerror': This function or variable may be unsafe. Consider using strerror_s instead. To disable deprecation, use _CRT_SECURE_NO_WARNINGS. See online help for details.
C:\Users\ookam\Code\survival\postal-code\WishPiX\Prefs\prefs.cpp(457,67): warning C4996: 'strerror': This function or variable may be unsafe. Consider using strerror_s instead. To disable deprecation, use _CRT_SECURE_NO_WARNINGS. See online help for details.
C:\Users\ookam\Code\survival\postal-code\WishPiX\Prefs\prefs.cpp(464,61): warning C4996: 'strerror': This function or variable may be unsafe. Consider using strerror_s instead. To disable deprecation, use _CRT_SECURE_NO_WARNINGS. See online help for details.
C:\Users\ookam\Code\survival\postal-code\WishPiX\Prefs\prefs.cpp(549,71): warning C4996: 'strerror': This function or variable may be unsafe. Consider using strerror_s instead. To disable deprecation, use _CRT_SECURE_NO_WARNINGS. See online help for details.
C:\Users\ookam\Code\survival\postal-code\WishPiX\Prefs\prefs.cpp(592,70): warning C4996: 'strerror': This function or variable may be unsafe. Consider using strerror_s instead. To disable deprecation, use _CRT_SECURE_NO_WARNINGS. See online help for details.
C:\Users\ookam\Code\survival\postal-code\WishPiX\Prefs\prefs.cpp(640,5): warning C4996: 'sprintf': This function or variable may be unsafe. Consider using sprintf_s instead. To disable deprecation, use _CRT_SECURE_NO_WARNINGS. See online help for details.
C:\Users\ookam\Code\survival\postal-code\WishPiX\Prefs\prefs.cpp(652,4): warning C4996: 'sprintf': This function or variable may be unsafe. Consider using sprintf_s instead. To disable deprecation, use _CRT_SECURE_NO_WARNINGS. See online help for details.
C:\Users\ookam\Code\survival\postal-code\WishPiX\Prefs\prefs.cpp(656,4): warning C4996: 'sprintf': This function or variable may be unsafe. Consider using sprintf_s instead. To disable deprecation, use _CRT_SECURE_NO_WARNINGS. See online help for details.
C:\Users\ookam\Code\survival\postal-code\WishPiX\Prefs\prefs.cpp(665,62): warning C4996: 'strerror': This function or variable may be unsafe. Consider using strerror_s instead. To disable deprecation, use _CRT_SECURE_NO_WARNINGS. See online help for details.
C:\Users\ookam\Code\survival\postal-code\WishPiX\Prefs\prefs.cpp(680,2): warning C4996: 'sprintf': This function or variable may be unsafe. Consider using sprintf_s instead. To disable deprecation, use _CRT_SECURE_NO_WARNINGS. See online help for details.
C:\Users\ookam\Code\survival\postal-code\WishPiX\Prefs\prefs.cpp(696,2): warning C4996: 'sprintf': This function or variable may be unsafe. Consider using sprintf_s instead. To disable deprecation, use _CRT_SECURE_NO_WARNINGS. See online help for details.
C:\Users\ookam\Code\survival\postal-code\WishPiX\Prefs\prefs.cpp(712,2): warning C4996: 'sprintf': This function or variable may be unsafe. Consider using sprintf_s instead. To disable deprecation, use _CRT_SECURE_NO_WARNINGS. See online help for details.
C:\Users\ookam\Code\survival\postal-code\WishPiX\Prefs\prefs.cpp(728,2): warning C4996: 'sprintf': This function or variable may be unsafe. Consider using sprintf_s instead. To disable deprecation, use _CRT_SECURE_NO_WARNINGS. See online help for details.
C:\Users\ookam\Code\survival\postal-code\WishPiX\Prefs\prefs.cpp(744,2): warning C4996: 'sprintf': This function or variable may be unsafe. Consider using sprintf_s instead. To disable deprecation, use _CRT_SECURE_NO_WARNINGS. See online help for details.
C:\Users\ookam\Code\survival\postal-code\WishPiX\Prefs\prefs.cpp(760,2): warning C4996: 'sprintf': This function or variable may be unsafe. Consider using sprintf_s instead. To disable deprecation, use _CRT_SECURE_NO_WARNINGS. See online help for details.
C:\Users\ookam\Code\survival\postal-code\WishPiX\Prefs\prefs.cpp(776,2): warning C4996: 'sprintf': This function or variable may be unsafe. Consider using sprintf_s instead. To disable deprecation, use _CRT_SECURE_NO_WARNINGS. See online help for details.
C:\Users\ookam\Code\survival\postal-code\WishPiX\Prefs\prefs.cpp(792,2): warning C4996: 'sprintf': This function or variable may be unsafe. Consider using sprintf_s instead. To disable deprecation, use _CRT_SECURE_NO_WARNINGS. See online help for details.
C:\Users\ookam\Code\survival\postal-code\WishPiX\Prefs\prefs.cpp(955,5): warning C4996: 'strcpy': This function or variable may be unsafe. Consider using strcpy_s instead. To disable deprecation, use _CRT_SECURE_NO_WARNINGS. See online help for details.
C:\Users\ookam\Code\survival\postal-code\WishPiX\Prefs\prefs.cpp(965,5): warning C4996: 'strcpy': This function or variable may be unsafe. Consider using strcpy_s instead. To disable deprecation, use _CRT_SECURE_NO_WARNINGS. See online help for details.
C:\Users\ookam\Code\survival\postal-code\WishPiX\Prefs\prefs.cpp(970,62): warning C4996: 'strerror': This function or variable may be unsafe. Consider using strerror_s instead. To disable deprecation, use _CRT_SECURE_NO_WARNINGS. See online help for details.
C:\Users\ookam\Code\survival\postal-code\WishPiX\Prefs\prefs.cpp(989,2): warning C4996: 'sprintf': This function or variable may be unsafe. Consider using sprintf_s instead. To disable deprecation, use _CRT_SECURE_NO_WARNINGS. See online help for details.
C:\Users\ookam\Code\survival\postal-code\WishPiX\Prefs\prefs.cpp(1021,2): warning C4996: 'sprintf': This function or variable may be unsafe. Consider using sprintf_s instead. To disable deprecation, use _CRT_SECURE_NO_WARNINGS. See online help for details.
C:\Users\ookam\Code\survival\postal-code\WishPiX\Prefs\prefs.cpp(1051,2): warning C4996: 'sprintf': This function or variable may be unsafe. Consider using sprintf_s instead. To disable deprecation, use _CRT_SECURE_NO_WARNINGS. See online help for details.
C:\Users\ookam\Code\survival\postal-code\WishPiX\Prefs\prefs.cpp(1081,2): warning C4996: 'sprintf': This function or variable may be unsafe. Consider using sprintf_s instead. To disable deprecation, use _CRT_SECURE_NO_WARNINGS. See online help for details.
C:\Users\ookam\Code\survival\postal-code\WishPiX\Prefs\prefs.cpp(1112,2): warning C4996: 'sprintf': This function or variable may be unsafe. Consider using sprintf_s instead. To disable deprecation, use _CRT_SECURE_NO_WARNINGS. See online help for details.
C:\Users\ookam\Code\survival\postal-code\WishPiX\Prefs\prefs.cpp(1143,2): warning C4996: 'sprintf': This function or variable may be unsafe. Consider using sprintf_s instead. To disable deprecation, use _CRT_SECURE_NO_WARNINGS. See online help for details.
C:\Users\ookam\Code\survival\postal-code\WishPiX\Prefs\prefs.cpp(1174,2): warning C4996: 'sprintf': This function or variable may be unsafe. Consider using sprintf_s instead. To disable deprecation, use _CRT_SECURE_NO_WARNINGS. See online help for details.
C:\Users\ookam\Code\survival\postal-code\WishPiX\Prefs\prefs.cpp(1204,2): warning C4996: 'sprintf': This function or variable may be unsafe. Consider using sprintf_s instead. To disable deprecation, use _CRT_SECURE_NO_WARNINGS. See online help for details.
C:\Users\ookam\Code\survival\postal-code\WishPiX\Prefs\prefs.cpp(1251,61): warning C4996: 'strerror': This function or variable may be unsafe. Consider using strerror_s instead. To disable deprecation, use _CRT_SECURE_NO_WARNINGS. See online help for details.
  resmgr.cpp
C:\Users\ookam\Code\survival\postal-code\RSPiX\Src\Blue\unix\UnixSystem.h(247,5): warning C4996: '_snprintf': This function or variable may be unsafe. Consider using _snprintf_s instead. To disable deprecation, use _CRT_SECURE_NO_WARNINGS. See online help for details.
  (compiling source file 'WishPiX/ResourceManager/resmgr.cpp')
  
C:\Users\ookam\Code\survival\postal-code\RSPiX\Src\Blue\unix\UnixSystem.h(253,5): warning C4996: '_snprintf': This function or variable may be unsafe. Consider using _snprintf_s instead. To disable deprecation, use _CRT_SECURE_NO_WARNINGS. See online help for details.
  (compiling source file 'WishPiX/ResourceManager/resmgr.cpp')
  
C:\Users\ookam\Code\survival\postal-code\RSPiX\Src\Blue\unix\UnixSystem.h(259,5): warning C4996: '_snprintf': This function or variable may be unsafe. Consider using _snprintf_s instead. To disable deprecation, use _CRT_SECURE_NO_WARNINGS. See online help for details.
  (compiling source file 'WishPiX/ResourceManager/resmgr.cpp')
  
C:\Users\ookam\Code\survival\postal-code\RSPiX\Src\ORANGE\RString\rstring.h(408,16): warning C4996: 'sprintf': This function or variable may be unsafe. Consider using sprintf_s instead. To disable deprecation, use _CRT_SECURE_NO_WARNINGS. See online help for details.
  (compiling source file 'WishPiX/ResourceManager/resmgr.cpp')
  
C:\Users\ookam\Code\survival\postal-code\RSPiX\Src\ORANGE\RString\rstring.h(416,16): warning C4996: 'sprintf': This function or variable may be unsafe. Consider using sprintf_s instead. To disable deprecation, use _CRT_SECURE_NO_WARNINGS. See online help for details.
  (compiling source file 'WishPiX/ResourceManager/resmgr.cpp')
  
C:\Users\ookam\Code\survival\postal-code\RSPiX\Src\ORANGE\RString\rstring.h(424,16): warning C4996: 'sprintf': This function or variable may be unsafe. Consider using sprintf_s instead. To disable deprecation, use _CRT_SECURE_NO_WARNINGS. See online help for details.
  (compiling source file 'WishPiX/ResourceManager/resmgr.cpp')
  
C:\Users\ookam\Code\survival\postal-code\RSPiX\Src\ORANGE\RString\rstring.h(432,16): warning C4996: 'sprintf': This function or variable may be unsafe. Consider using sprintf_s instead. To disable deprecation, use _CRT_SECURE_NO_WARNINGS. See online help for details.
  (compiling source file 'WishPiX/ResourceManager/resmgr.cpp')
  
C:\Users\ookam\Code\survival\postal-code\RSPiX\Src\ORANGE\RString\rstring.h(499,17): warning C4996: 'sprintf': This function or variable may be unsafe. Consider using sprintf_s instead. To disable deprecation, use _CRT_SECURE_NO_WARNINGS. See online help for details.
  (compiling source file 'WishPiX/ResourceManager/resmgr.cpp')
  
C:\Users\ookam\Code\survival\postal-code\RSPiX\Src\ORANGE\RString\rstring.h(507,17): warning C4996: 'sprintf': This function or variable may be unsafe. Consider using sprintf_s instead. To disable deprecation, use _CRT_SECURE_NO_WARNINGS. See online help for details.
  (compiling source file 'WishPiX/ResourceManager/resmgr.cpp')
  
C:\Users\ookam\Code\survival\postal-code\RSPiX\Src\ORANGE\RString\rstring.h(515,17): warning C4996: 'sprintf': This function or variable may be unsafe. Consider using sprintf_s instead. To disable deprecation, use _CRT_SECURE_NO_WARNINGS. See online help for details.
  (compiling source file 'WishPiX/ResourceManager/resmgr.cpp')
  
C:\Users\ookam\Code\survival\postal-code\RSPiX\Src\ORANGE\RString\rstring.h(523,17): warning C4996: 'sprintf': This function or variable may be unsafe. Consider using sprintf_s instead. To disable deprecation, use _CRT_SECURE_NO_WARNINGS. See online help for details.
  (compiling source file 'WishPiX/ResourceManager/resmgr.cpp')
  
C:\Users\ookam\Code\survival\postal-code\WishPiX\ResourceManager\resmgr.cpp(798,22): warning C4267: 'initializing': conversion from 'size_t' to 'uint16_t', possible loss of data
  spry.cpp
C:\Users\ookam\Code\survival\postal-code\RSPiX\Src\BLUE\unix\UnixSystem.h(247,5): warning C4996: '_snprintf': This function or variable may be unsafe. Consider using _snprintf_s instead. To disable deprecation, use _CRT_SECURE_NO_WARNINGS. See online help for details.
  (compiling source file 'WishPiX/Spry/spry.cpp')
  
C:\Users\ookam\Code\survival\postal-code\RSPiX\Src\BLUE\unix\UnixSystem.h(253,5): warning C4996: '_snprintf': This function or variable may be unsafe. Consider using _snprintf_s instead. To disable deprecation, use _CRT_SECURE_NO_WARNINGS. See online help for details.
  (compiling source file 'WishPiX/Spry/spry.cpp')
  
C:\Users\ookam\Code\survival\postal-code\RSPiX\Src\BLUE\unix\UnixSystem.h(259,5): warning C4996: '_snprintf': This function or variable may be unsafe. Consider using _snprintf_s instead. To disable deprecation, use _CRT_SECURE_NO_WARNINGS. See online help for details.
  (compiling source file 'WishPiX/Spry/spry.cpp')
  
C:\Users\ookam\Code\survival\postal-code\RSPiX\Src\ORANGE\QuickMath\QuickMath.h(192,12): warning C4244: '=': conversion from 'S64' to 'S32', possible loss of data
  (compiling source file 'WishPiX/Spry/spry.cpp')
  
C:\Users\ookam\Code\survival\postal-code\RSPiX\Src\ORANGE\QuickMath\QuickMath.h(193,12): warning C4244: '=': conversion from 'S64' to 'S32', possible loss of data
  (compiling source file 'WishPiX/Spry/spry.cpp')
  
C:\Users\ookam\Code\survival\postal-code\RSPiX\Src\ORANGE\QuickMath\VectorMath.h(86,2): warning C5208: unnamed class used in typedef name cannot declare members other than non-static data members, member enumerations, or member classes
  (compiling source file 'WishPiX/Spry/spry.cpp')
  
C:\Users\ookam\Code\survival\postal-code\RSPiX\Src\ORANGE\QuickMath\VectorMath.h(136,9): warning C4244: 'initializing': conversion from 'double' to 'float', possible loss of data
  (compiling source file 'WishPiX/Spry/spry.cpp')
  
C:\Users\ookam\Code\survival\postal-code\RSPiX\Src\ORANGE\Meter\meter.h(192,4): warning C4996: 'strcpy': This function or variable may be unsafe. Consider using strcpy_s instead. To disable deprecation, use _CRT_SECURE_NO_WARNINGS. See online help for details.
  (compiling source file 'WishPiX/Spry/spry.cpp')
  
C:\Users\ookam\Code\survival\postal-code\RSPiX\Src\ORANGE\RString\rstring.h(408,16): warning C4996: 'sprintf': This function or variable may be unsafe. Consider using sprintf_s instead. To disable deprecation, use _CRT_SECURE_NO_WARNINGS. See online help for details.
  (compiling source file 'WishPiX/Spry/spry.cpp')
  
C:\Users\ookam\Code\survival\postal-code\RSPiX\Src\ORANGE\RString\rstring.h(416,16): warning C4996: 'sprintf': This function or variable may be unsafe. Consider using sprintf_s instead. To disable deprecation, use _CRT_SECURE_NO_WARNINGS. See online help for details.
  (compiling source file 'WishPiX/Spry/spry.cpp')
  
C:\Users\ookam\Code\survival\postal-code\RSPiX\Src\ORANGE\RString\rstring.h(424,16): warning C4996: 'sprintf': This function or variable may be unsafe. Consider using sprintf_s instead. To disable deprecation, use _CRT_SECURE_NO_WARNINGS. See online help for details.
  (compiling source file 'WishPiX/Spry/spry.cpp')
  
C:\Users\ookam\Code\survival\postal-code\RSPiX\Src\ORANGE\RString\rstring.h(432,16): warning C4996: 'sprintf': This function or variable may be unsafe. Consider using sprintf_s instead. To disable deprecation, use _CRT_SECURE_NO_WARNINGS. See online help for details.
  (compiling source file 'WishPiX/Spry/spry.cpp')
  
C:\Users\ookam\Code\survival\postal-code\RSPiX\Src\ORANGE\RString\rstring.h(499,17): warning C4996: 'sprintf': This function or variable may be unsafe. Consider using sprintf_s instead. To disable deprecation, use _CRT_SECURE_NO_WARNINGS. See online help for details.
  (compiling source file 'WishPiX/Spry/spry.cpp')
  
C:\Users\ookam\Code\survival\postal-code\RSPiX\Src\ORANGE\RString\rstring.h(507,17): warning C4996: 'sprintf': This function or variable may be unsafe. Consider using sprintf_s instead. To disable deprecation, use _CRT_SECURE_NO_WARNINGS. See online help for details.
  (compiling source file 'WishPiX/Spry/spry.cpp')
  
C:\Users\ookam\Code\survival\postal-code\RSPiX\Src\ORANGE\RString\rstring.h(515,17): warning C4996: 'sprintf': This function or variable may be unsafe. Consider using sprintf_s instead. To disable deprecation, use _CRT_SECURE_NO_WARNINGS. See online help for details.
  (compiling source file 'WishPiX/Spry/spry.cpp')
  
C:\Users\ookam\Code\survival\postal-code\RSPiX\Src\ORANGE\RString\rstring.h(523,17): warning C4996: 'sprintf': This function or variable may be unsafe. Consider using sprintf_s instead. To disable deprecation, use _CRT_SECURE_NO_WARNINGS. See online help for details.
  (compiling source file 'WishPiX/Spry/spry.cpp')
  
  Generating Code...
  WishPiX.vcxproj -> C:\Users\ookam\Code\survival\postal-code\Build\WishPiX\Debug\WishPiX.lib
