c:\users\ookam\code\survival\postal-code\build\orange\debug\orange.pdb
c:\users\ookam\code\survival\postal-code\build\orange\debug\orange.idb
c:\users\ookam\code\survival\postal-code\build\orange\debug\mtask.obj
c:\users\ookam\code\survival\postal-code\build\orange\debug\msgbox.obj
c:\users\ookam\code\survival\postal-code\build\orange\debug\meter.obj
c:\users\ookam\code\survival\postal-code\build\orange\debug\listcontents.obj
c:\users\ookam\code\survival\postal-code\build\orange\debug\listbox.obj
c:\users\ookam\code\survival\postal-code\build\orange\debug\laymage.obj
c:\users\ookam\code\survival\postal-code\build\orange\debug\lasso.obj
c:\users\ookam\code\survival\postal-code\build\orange\debug\iff.obj
c:\users\ookam\code\survival\postal-code\build\orange\debug\guiitem.obj
c:\users\ookam\code\survival\postal-code\build\orange\debug\fixedpoint.obj
c:\users\ookam\code\survival\postal-code\build\orange\debug\file.obj
c:\users\ookam\code\survival\postal-code\build\orange\debug\edit.obj
c:\users\ookam\code\survival\postal-code\build\orange\debug\dlg.obj
c:\users\ookam\code\survival\postal-code\build\orange\debug\dithermatch.obj
c:\users\ookam\code\survival\postal-code\build\orange\debug\dirtrect.obj
c:\users\ookam\code\survival\postal-code\build\orange\debug\colormatch.obj
c:\users\ookam\code\survival\postal-code\build\orange\debug\channel.obj
c:\users\ookam\code\survival\postal-code\build\orange\debug\btn.obj
c:\users\ookam\code\survival\postal-code\build\orange\debug\attribute.obj
c:\users\ookam\code\survival\postal-code\build\orange\debug\animsprt.obj
c:\users\ookam\code\survival\postal-code\build\orange\debug\txt.obj
c:\users\ookam\code\survival\postal-code\build\orange\debug\str.obj
c:\users\ookam\code\survival\postal-code\build\orange\debug\sprite.obj
c:\users\ookam\code\survival\postal-code\build\orange\debug\simplebatch.obj
c:\users\ookam\code\survival\postal-code\build\orange\debug\shapes.obj
c:\users\ookam\code\survival\postal-code\build\orange\debug\scrollbar.obj
c:\users\ookam\code\survival\postal-code\build\orange\debug\rstring.obj
c:\users\ookam\code\survival\postal-code\build\orange\debug\region.obj
c:\users\ookam\code\survival\postal-code\build\orange\debug\quickmath.obj
c:\users\ookam\code\survival\postal-code\build\orange\debug\pushbtn.obj
c:\users\ookam\code\survival\postal-code\build\orange\debug\profile.obj
c:\users\ookam\code\survival\postal-code\build\orange\debug\processgui.obj
c:\users\ookam\code\survival\postal-code\build\orange\debug\multigridindirect.obj
c:\users\ookam\code\survival\postal-code\build\orange\debug\multigrid.obj
c:\users\ookam\code\survival\postal-code\build\orange\debug\multibtn.obj
c:\users\ookam\code\survival\postal-code\build\orange\debug\orange.lib
c:\users\ookam\code\survival\postal-code\build\orange\debug\orange.tlog\cl.command.1.tlog
c:\users\ookam\code\survival\postal-code\build\orange\debug\orange.tlog\cl.items.tlog
c:\users\ookam\code\survival\postal-code\build\orange\debug\orange.tlog\cl.read.1.tlog
c:\users\ookam\code\survival\postal-code\build\orange\debug\orange.tlog\cl.write.1.tlog
c:\users\ookam\code\survival\postal-code\build\orange\debug\orange.tlog\lib-link.write.1.tlog
c:\users\ookam\code\survival\postal-code\build\orange\debug\orange.tlog\lib.command.1.tlog
c:\users\ookam\code\survival\postal-code\build\orange\debug\orange.tlog\lib.read.1.tlog
