c:\users\ookam\code\survival\postal-code\build\green\debug\green.pdb
c:\users\ookam\code\survival\postal-code\build\green\debug\green.idb
c:\users\ookam\code\survival\postal-code\build\green\debug\task.obj
c:\users\ookam\code\survival\postal-code\build\green\debug\sndfx.obj
c:\users\ookam\code\survival\postal-code\build\green\debug\snd.obj
c:\users\ookam\code\survival\postal-code\build\green\debug\sample.obj
c:\users\ookam\code\survival\postal-code\build\green\debug\palfile.obj
c:\users\ookam\code\survival\postal-code\build\green\debug\pal.obj
c:\users\ookam\code\survival\postal-code\build\green\debug\mixbuf.obj
c:\users\ookam\code\survival\postal-code\build\green\debug\mix.obj
c:\users\ookam\code\survival\postal-code\build\green\debug\inputevent.obj
c:\users\ookam\code\survival\postal-code\build\green\debug\imagefile.obj
c:\users\ookam\code\survival\postal-code\build\green\debug\imagecon.obj
c:\users\ookam\code\survival\postal-code\build\green\debug\image.obj
c:\users\ookam\code\survival\postal-code\build\green\debug\hot.obj
c:\users\ookam\code\survival\postal-code\build\green\debug\green.lib
c:\users\ookam\code\survival\postal-code\build\green\debug\green.tlog\cl.command.1.tlog
c:\users\ookam\code\survival\postal-code\build\green\debug\green.tlog\cl.items.tlog
c:\users\ookam\code\survival\postal-code\build\green\debug\green.tlog\cl.read.1.tlog
c:\users\ookam\code\survival\postal-code\build\green\debug\green.tlog\cl.write.1.tlog
c:\users\ookam\code\survival\postal-code\build\green\debug\green.tlog\lib-link.write.1.tlog
c:\users\ookam\code\survival\postal-code\build\green\debug\green.tlog\lib.command.1.tlog
c:\users\ookam\code\survival\postal-code\build\green\debug\green.tlog\lib.read.1.tlog
