c:\users\ookam\code\survival\postal-code\build\blit\debug\blit.pdb
c:\users\ookam\code\survival\postal-code\build\blit\debug\blit.idb
c:\users\ookam\code\survival\postal-code\build\blit\debug\scaleflat.obj
c:\users\ookam\code\survival\postal-code\build\blit\debug\rprint.obj
c:\users\ookam\code\survival\postal-code\build\blit\debug\rotate96.obj
c:\users\ookam\code\survival\postal-code\build\blit\debug\mono.obj
c:\users\ookam\code\survival\postal-code\build\blit\debug\line.obj
c:\users\ookam\code\survival\postal-code\build\blit\debug\fspr8.obj
c:\users\ookam\code\survival\postal-code\build\blit\debug\fspr1.obj
c:\users\ookam\code\survival\postal-code\build\blit\debug\cfnt.obj
c:\users\ookam\code\survival\postal-code\build\blit\debug\blitt.obj
c:\users\ookam\code\survival\postal-code\build\blit\debug\blitinit.obj
c:\users\ookam\code\survival\postal-code\build\blit\debug\blit.obj
c:\users\ookam\code\survival\postal-code\build\blit\debug\alphablit.obj
c:\users\ookam\code\survival\postal-code\build\blit\debug\blit.lib
c:\users\ookam\code\survival\postal-code\build\blit\debug\blit.tlog\cl.command.1.tlog
c:\users\ookam\code\survival\postal-code\build\blit\debug\blit.tlog\cl.items.tlog
c:\users\ookam\code\survival\postal-code\build\blit\debug\blit.tlog\cl.read.1.tlog
c:\users\ookam\code\survival\postal-code\build\blit\debug\blit.tlog\cl.write.1.tlog
c:\users\ookam\code\survival\postal-code\build\blit\debug\blit.tlog\lib-link.write.1.tlog
c:\users\ookam\code\survival\postal-code\build\blit\debug\blit.tlog\lib.command.1.tlog
c:\users\ookam\code\survival\postal-code\build\blit\debug\blit.tlog\lib.read.1.tlog
