c:\users\ookam\code\survival\postal-code\build\postal plus\debug\postald.bsc
c:\users\ookam\code\survival\postal-code\build\postal plus\debug\postal plus.pch
c:\users\ookam\code\survival\postal-code\build\postal plus\debug\vc143.pdb
c:\users\ookam\code\survival\postal-code\build\postal plus\debug\vc143.idb
c:\users\ookam\code\survival\postal-code\build\postal plus\debug\aivars.sbr
c:\users\ookam\code\survival\postal-code\build\postal plus\debug\aivars.obj
c:\users\ookam\code\survival\postal-code\build\postal plus\debug\band.sbr
c:\users\ookam\code\survival\postal-code\build\postal plus\debug\credits.sbr
c:\users\ookam\code\survival\postal-code\build\postal plus\debug\game.sbr
c:\users\ookam\code\survival\postal-code\build\postal plus\debug\input.sbr
c:\users\ookam\code\survival\postal-code\build\postal plus\debug\localize.sbr
c:\users\ookam\code\survival\postal-code\build\postal plus\debug\main.sbr
c:\users\ookam\code\survival\postal-code\build\postal plus\debug\menus.sbr
c:\users\ookam\code\survival\postal-code\build\postal plus\debug\play.sbr
c:\users\ookam\code\survival\postal-code\build\postal plus\debug\samplemaster.sbr
c:\users\ookam\code\survival\postal-code\build\postal plus\debug\title.sbr
c:\users\ookam\code\survival\postal-code\build\postal plus\debug\title.obj
c:\users\ookam\code\survival\postal-code\build\postal plus\debug\samplemaster.obj
c:\users\ookam\code\survival\postal-code\build\postal plus\debug\play.obj
c:\users\ookam\code\survival\postal-code\build\postal plus\debug\menus.obj
c:\users\ookam\code\survival\postal-code\build\postal plus\debug\main.obj
c:\users\ookam\code\survival\postal-code\build\postal plus\debug\localize.obj
c:\users\ookam\code\survival\postal-code\build\postal plus\debug\input.obj
c:\users\ookam\code\survival\postal-code\build\postal plus\debug\game.obj
c:\users\ookam\code\survival\postal-code\build\postal plus\debug\credits.obj
c:\users\ookam\code\survival\postal-code\build\postal plus\debug\band.obj
c:\users\ookam\code\survival\postal-code\testing\postald.exe
c:\users\ookam\code\survival\postal-code\build\postal plus\debug\postal plusd.pdb
c:\users\ookam\code\survival\postal-code\build\postal plus\debug\postal.res
c:\users\ookam\code\survival\postal-code\build\postal plus\debug\postal plus.tlog\bscmake.command.1.tlog
c:\users\ookam\code\survival\postal-code\build\postal plus\debug\postal plus.tlog\bscmake.read.1.tlog
c:\users\ookam\code\survival\postal-code\build\postal plus\debug\postal plus.tlog\bscmake.write.1.tlog
c:\users\ookam\code\survival\postal-code\build\postal plus\debug\postal plus.tlog\cl.command.1.tlog
c:\users\ookam\code\survival\postal-code\build\postal plus\debug\postal plus.tlog\cl.items.tlog
c:\users\ookam\code\survival\postal-code\build\postal plus\debug\postal plus.tlog\cl.read.1.tlog
c:\users\ookam\code\survival\postal-code\build\postal plus\debug\postal plus.tlog\cl.write.1.tlog
c:\users\ookam\code\survival\postal-code\build\postal plus\debug\postal plus.tlog\link.command.1.tlog
c:\users\ookam\code\survival\postal-code\build\postal plus\debug\postal plus.tlog\link.read.1.tlog
c:\users\ookam\code\survival\postal-code\build\postal plus\debug\postal plus.tlog\link.secondary.1.tlog
c:\users\ookam\code\survival\postal-code\build\postal plus\debug\postal plus.tlog\link.write.1.tlog
c:\users\ookam\code\survival\postal-code\build\postal plus\debug\postal plus.tlog\rc.command.1.tlog
c:\users\ookam\code\survival\postal-code\build\postal plus\debug\postal plus.tlog\rc.read.1.tlog
c:\users\ookam\code\survival\postal-code\build\postal plus\debug\postal plus.tlog\rc.write.1.tlog
